Build with Macros:
  GGML_SYCL_DNNL: yes
  GGML_SYCL_F16: yes
  GGML_SYCL_FORCE_MMQ: no
  GGML_SYCL_GRAPH: yes
  GGML_SYCL_SUPPORT_LEVEL_ZERO_API: yes
  GGML_SYCL_SUPPORT_VMM: yes
Running with Environment Variables:
  GGML_SYCL_DEBUG: 0
  GGML_SYCL_DEV2DEV_MEMCPY: 0 (SYCL API)
  GGML_SYCL_ENABLE_DNN: 1
  GGML_SYCL_FA_ONEDNN: 1
  GGML_SYCL_FA_ONEDNN_MAX_KV: 0
  GGML_SYCL_ENABLE_FLASH_ATTN: 1
  GGML_SYCL_ENABLE_GRAPH: 0
  GGML_SYCL_ENABLE_OPT: 1
  GGML_SYCL_ENABLE_VMM: 1
  GGML_SYCL_ENABLE_FUSION: 1
  GGML_SYCL_PRIORITIZE_DMMV: 0
  GGML_SYCL_USE_ASYNC_MEM_OP: 1
  GGML_SYCL_USE_LEVEL_ZERO_API: 1
  GGML_SYCL_USM_SYSTEM: 0
Found 1 SYCL devices:
|  |                   |                                       |       |Max    |        |Max  |Global |                     |
|  |                   |                                       |       |compute|Max work|sub  |mem    |                     |
|ID|        Device Type|                                   Name|Version|units  |group   |group|size   |       Driver version|
|--|-------------------|---------------------------------------|-------|-------|--------|-----|-------|---------------------|
| 0| [level_zero:gpu:0]|             Intel Arc Pro B70 Graphics|   20.2|    256|    1024|   32| 34242M|         1.15.38308+1|
SYCL Optimization Feature:
|ID|        Device Type|Reorder|
|--|-------------------|-------|
| 0| [level_zero:gpu:0]|      Y|
Testing 2 devices

Backend 1/2: SYCL0
  Device description: Intel(R) Arc(TM) Pro B70 Graphics
  Device memory: 32656 MB (32569 MB free)

  MUL_MAT(type_a=q4_K,type_b=f32,m=16,n=1,k=256,bs=[1,1],nr=[1,1],per=[0,1,2,3],k_v=0,o=1): [1;32mOK[0m
  MUL_MAT(type_a=q4_K,type_b=f32,m=16,n=2,k=256,bs=[1,1],nr=[1,1],per=[0,1,2,3],k_v=0,o=1): [1;32mOK[0m
  MUL_MAT(type_a=q4_K,type_b=f32,m=16,n=3,k=256,bs=[1,1],nr=[1,1],per=[0,1,2,3],k_v=0,o=1): [1;32mOK[0m
  MUL_MAT(type_a=q4_K,type_b=f32,m=16,n=4,k=256,bs=[1,1],nr=[1,1],per=[0,1,2,3],k_v=0,o=1): [1;32mOK[0m
  MUL_MAT(type_a=q4_K,type_b=f32,m=16,n=5,k=256,bs=[1,1],nr=[1,1],per=[0,1,2,3],k_v=0,o=1): [1;32mOK[0m
  MUL_MAT(type_a=q4_K,type_b=f32,m=16,n=6,k=256,bs=[1,1],nr=[1,1],per=[0,1,2,3],k_v=0,o=1): [1;32mOK[0m
  MUL_MAT(type_a=q4_K,type_b=f32,m=16,n=7,k=256,bs=[1,1],nr=[1,1],per=[0,1,2,3],k_v=0,o=1): [1;32mOK[0m
  MUL_MAT(type_a=q4_K,type_b=f32,m=16,n=8,k=256,bs=[1,1],nr=[1,1],per=[0,1,2,3],k_v=0,o=1): [1;32mOK[0m
[MUL_MAT] ERR = 1.978267734 > 0.000500000   MUL_MAT(type_a=q4_K,type_b=f32,m=16,n=1,k=256,bs=[1,1],nr=[1,1],per=[0,1,2,3],k_v=0,o=1): [1;31mFAIL[0m
  MUL_MAT(type_a=q4_K,type_b=f32,m=16,n=1,k=256,bs=[1,1],nr=[2,1],per=[0,1,2,3],k_v=0,o=1): [1;32mOK[0m
  MUL_MAT(type_a=q4_K,type_b=f32,m=16,n=1,k=256,bs=[1,1],nr=[1,2],per=[0,1,2,3],k_v=0,o=1): not supported [SYCL0] 
  MUL_MAT(type_a=q4_K,type_b=f32,m=16,n=1,k=256,bs=[3,1],nr=[1,1],per=[0,1,2,3],k_v=0,o=1): [1;32mOK[0m
  MUL_MAT(type_a=q4_K,type_b=f32,m=16,n=1,k=256,bs=[3,1],nr=[2,1],per=[0,1,2,3],k_v=0,o=1): [1;32mOK[0m
  MUL_MAT(type_a=q4_K,type_b=f32,m=16,n=1,k=256,bs=[3,2],nr=[1,1],per=[0,1,2,3],k_v=0,o=1): [1;32mOK[0m
  MUL_MAT(type_a=q4_K,type_b=f32,m=16,n=1,k=256,bs=[3,2],nr=[2,1],per=[0,1,2,3],k_v=0,o=1): [1;32mOK[0m
  MUL_MAT(type_a=q4_K,type_b=f32,m=16,n=1,k=256,bs=[3,2],nr=[1,2],per=[0,1,2,3],k_v=0,o=1): not supported [SYCL0] 
  MUL_MAT(type_a=q4_K,type_b=f32,m=16,n=1,k=256,bs=[3,2],nr=[2,2],per=[0,1,2,3],k_v=0,o=1): not supported [SYCL0] 
  MUL_MAT(type_a=q4_K,type_b=f32,m=16,n=4,k=256,bs=[3,2],nr=[2,2],per=[0,1,2,3],k_v=0,o=1): not supported [SYCL0] 
  MUL_MAT(type_a=q4_K,type_b=f32,m=16,n=16,k=256,bs=[1,1],nr=[1,1],per=[0,1,2,3],k_v=0,o=1): [1;32mOK[0m
  MUL_MAT(type_a=q4_K,type_b=f32,m=16,n=16,k=256,bs=[1,1],nr=[2,1],per=[0,1,2,3],k_v=0,o=1): [1;32mOK[0m
  MUL_MAT(type_a=q4_K,type_b=f32,m=16,n=16,k=256,bs=[1,1],nr=[1,2],per=[0,1,2,3],k_v=0,o=1): not supported [SYCL0] 
  MUL_MAT(type_a=q4_K,type_b=f32,m=16,n=16,k=256,bs=[3,1],nr=[1,1],per=[0,1,2,3],k_v=0,o=1): [1;32mOK[0m
  MUL_MAT(type_a=q4_K,type_b=f32,m=16,n=16,k=256,bs=[3,1],nr=[2,1],per=[0,1,2,3],k_v=0,o=1): [1;32mOK[0m
  MUL_MAT(type_a=q4_K,type_b=f32,m=16,n=16,k=256,bs=[3,2],nr=[1,1],per=[0,1,2,3],k_v=0,o=1): [1;32mOK[0m
  MUL_MAT(type_a=q4_K,type_b=f32,m=16,n=16,k=256,bs=[3,2],nr=[2,1],per=[0,1,2,3],k_v=0,o=1): [1;32mOK[0m
  MUL_MAT(type_a=q4_K,type_b=f32,m=16,n=16,k=256,bs=[3,2],nr=[1,2],per=[0,1,2,3],k_v=0,o=1): not supported [SYCL0] 
  MUL_MAT(type_a=q4_K,type_b=f32,m=16,n=16,k=256,bs=[3,2],nr=[2,2],per=[0,1,2,3],k_v=0,o=1): not supported [SYCL0] 
  MUL_MAT(type_a=q4_K,type_b=f32,m=16,n=1,k=256,bs=[2,3],nr=[1,1],per=[0,2,1,3],k_v=0,o=1): [1;32mOK[0m
  MUL_MAT(type_a=q4_K,type_b=f32,m=16,n=1,k=256,bs=[2,3],nr=[1,1],per=[0,1,3,2],k_v=0,o=1): [1;32mOK[0m
  MUL_MAT(type_a=q4_K,type_b=f32,m=16,n=1,k=256,bs=[2,3],nr=[1,1],per=[0,3,2,1],k_v=0,o=1): [1;32mOK[0m
  MUL_MAT(type_a=q4_K,type_b=f32,m=16,n=4,k=256,bs=[2,3],nr=[1,1],per=[0,3,2,1],k_v=0,o=1): [1;32mOK[0m
  MUL_MAT(type_a=q4_K,type_b=f32,m=16,n=8,k=256,bs=[2,3],nr=[1,1],per=[0,2,1,3],k_v=0,o=1): [1;32mOK[0m
  MUL_MAT(type_a=q4_K,type_b=f32,m=16,n=8,k=256,bs=[2,3],nr=[1,1],per=[0,1,3,2],k_v=0,o=1): [1;32mOK[0m
  MUL_MAT(type_a=q4_K,type_b=f32,m=16,n=8,k=256,bs=[2,3],nr=[1,1],per=[0,3,2,1],k_v=0,o=1): [1;32mOK[0m
  MUL_MAT(type_a=q4_K,type_b=f32,m=16,n=16,k=256,bs=[2,3],nr=[1,1],per=[0,2,1,3],k_v=0,o=1): [1;32mOK[0m
  MUL_MAT(type_a=q4_K,type_b=f32,m=16,n=16,k=256,bs=[2,3],nr=[1,1],per=[0,1,3,2],k_v=0,o=1): [1;32mOK[0m
  MUL_MAT(type_a=q4_K,type_b=f32,m=16,n=16,k=256,bs=[2,3],nr=[1,1],per=[0,3,2,1],k_v=0,o=1): [1;32mOK[0m
  MUL_MAT(type_a=q4_K,type_b=f32,m=16,n=1,k=1024,bs=[3,2],nr=[1,1],per=[0,1,2,3],k_v=0,o=1): [1;32mOK[0m
  MUL_MAT(type_a=q4_K,type_b=f32,m=16,n=8,k=1024,bs=[3,2],nr=[1,1],per=[0,1,2,3],k_v=0,o=1): [1;32mOK[0m
  MUL_MAT(type_a=q4_K,type_b=f32,m=16,n=16,k=1024,bs=[3,2],nr=[1,1],per=[0,1,2,3],k_v=0,o=1): [1;32mOK[0m
  MUL_MAT(type_a=q4_K,type_b=f32,m=16,n=8,k=256,bs=[1536,1],nr=[1,1],per=[0,1,2,3],k_v=0,o=1): [1;32mOK[0m
  MUL_MAT(type_a=q4_K,type_b=f16,m=16,n=1,k=256,bs=[1,1],nr=[1,1],per=[0,1,2,3],k_v=0,o=1): not supported [SYCL0] 
  MUL_MAT(type_a=q4_K,type_b=f16,m=16,n=1,k=256,bs=[1,1],nr=[2,1],per=[0,1,2,3],k_v=0,o=1): not supported [SYCL0] 
  MUL_MAT(type_a=q4_K,type_b=f16,m=16,n=1,k=256,bs=[1,1],nr=[1,2],per=[0,1,2,3],k_v=0,o=1): not supported [SYCL0] 
  MUL_MAT(type_a=q4_K,type_b=f16,m=16,n=1,k=256,bs=[3,1],nr=[1,1],per=[0,1,2,3],k_v=0,o=1): not supported [SYCL0] 
  MUL_MAT(type_a=q4_K,type_b=f16,m=16,n=1,k=256,bs=[3,1],nr=[2,1],per=[0,1,2,3],k_v=0,o=1): not supported [SYCL0] 
  MUL_MAT(type_a=q4_K,type_b=f16,m=16,n=1,k=256,bs=[3,2],nr=[1,1],per=[0,1,2,3],k_v=0,o=1): not supported [SYCL0] 
  MUL_MAT(type_a=q4_K,type_b=f16,m=16,n=1,k=256,bs=[3,2],nr=[2,1],per=[0,1,2,3],k_v=0,o=1): not supported [SYCL0] 
  MUL_MAT(type_a=q4_K,type_b=f16,m=16,n=1,k=256,bs=[3,2],nr=[1,2],per=[0,1,2,3],k_v=0,o=1): not supported [SYCL0] 
  MUL_MAT(type_a=q4_K,type_b=f16,m=16,n=1,k=256,bs=[3,2],nr=[2,2],per=[0,1,2,3],k_v=0,o=1): not supported [SYCL0] 
  MUL_MAT(type_a=q4_K,type_b=f16,m=16,n=4,k=256,bs=[3,2],nr=[2,2],per=[0,1,2,3],k_v=0,o=1): not supported [SYCL0] 
  MUL_MAT(type_a=q4_K,type_b=f16,m=16,n=16,k=256,bs=[1,1],nr=[1,1],per=[0,1,2,3],k_v=0,o=1): not supported [SYCL0] 
  MUL_MAT(type_a=q4_K,type_b=f16,m=16,n=16,k=256,bs=[1,1],nr=[2,1],per=[0,1,2,3],k_v=0,o=1): not supported [SYCL0] 
  MUL_MAT(type_a=q4_K,type_b=f16,m=16,n=16,k=256,bs=[1,1],nr=[1,2],per=[0,1,2,3],k_v=0,o=1): not supported [SYCL0] 
  MUL_MAT(type_a=q4_K,type_b=f16,m=16,n=16,k=256,bs=[3,1],nr=[1,1],per=[0,1,2,3],k_v=0,o=1): not supported [SYCL0] 
  MUL_MAT(type_a=q4_K,type_b=f16,m=16,n=16,k=256,bs=[3,1],nr=[2,1],per=[0,1,2,3],k_v=0,o=1): not supported [SYCL0] 
  MUL_MAT(type_a=q4_K,type_b=f16,m=16,n=16,k=256,bs=[3,2],nr=[1,1],per=[0,1,2,3],k_v=0,o=1): not supported [SYCL0] 
  MUL_MAT(type_a=q4_K,type_b=f16,m=16,n=16,k=256,bs=[3,2],nr=[2,1],per=[0,1,2,3],k_v=0,o=1): not supported [SYCL0] 
  MUL_MAT(type_a=q4_K,type_b=f16,m=16,n=16,k=256,bs=[3,2],nr=[1,2],per=[0,1,2,3],k_v=0,o=1): not supported [SYCL0] 
  MUL_MAT(type_a=q4_K,type_b=f16,m=16,n=16,k=256,bs=[3,2],nr=[2,2],per=[0,1,2,3],k_v=0,o=1): not supported [SYCL0] 
  MUL_MAT(type_a=q4_K,type_b=f16,m=16,n=1,k=256,bs=[2,3],nr=[1,1],per=[0,2,1,3],k_v=0,o=1): not supported [SYCL0] 
  MUL_MAT(type_a=q4_K,type_b=f16,m=16,n=1,k=256,bs=[2,3],nr=[1,1],per=[0,1,3,2],k_v=0,o=1): not supported [SYCL0] 
  MUL_MAT(type_a=q4_K,type_b=f16,m=16,n=1,k=256,bs=[2,3],nr=[1,1],per=[0,3,2,1],k_v=0,o=1): not supported [SYCL0] 
  MUL_MAT(type_a=q4_K,type_b=f16,m=16,n=4,k=256,bs=[2,3],nr=[1,1],per=[0,3,2,1],k_v=0,o=1): not supported [SYCL0] 
  MUL_MAT(type_a=q4_K,type_b=f16,m=16,n=8,k=256,bs=[2,3],nr=[1,1],per=[0,2,1,3],k_v=0,o=1): not supported [SYCL0] 
  MUL_MAT(type_a=q4_K,type_b=f16,m=16,n=8,k=256,bs=[2,3],nr=[1,1],per=[0,1,3,2],k_v=0,o=1): not supported [SYCL0] 
  MUL_MAT(type_a=q4_K,type_b=f16,m=16,n=8,k=256,bs=[2,3],nr=[1,1],per=[0,3,2,1],k_v=0,o=1): not supported [SYCL0] 
  MUL_MAT(type_a=q4_K,type_b=f16,m=16,n=16,k=256,bs=[2,3],nr=[1,1],per=[0,2,1,3],k_v=0,o=1): not supported [SYCL0] 
  MUL_MAT(type_a=q4_K,type_b=f16,m=16,n=16,k=256,bs=[2,3],nr=[1,1],per=[0,1,3,2],k_v=0,o=1): not supported [SYCL0] 
  MUL_MAT(type_a=q4_K,type_b=f16,m=16,n=16,k=256,bs=[2,3],nr=[1,1],per=[0,3,2,1],k_v=0,o=1): not supported [SYCL0] 
  MUL_MAT(type_a=q4_K,type_b=f16,m=16,n=1,k=1024,bs=[3,2],nr=[1,1],per=[0,1,2,3],k_v=0,o=1): not supported [SYCL0] 
  MUL_MAT(type_a=q4_K,type_b=f16,m=16,n=8,k=1024,bs=[3,2],nr=[1,1],per=[0,1,2,3],k_v=0,o=1): not supported [SYCL0] 
  MUL_MAT(type_a=q4_K,type_b=f16,m=16,n=16,k=1024,bs=[3,2],nr=[1,1],per=[0,1,2,3],k_v=0,o=1): not supported [SYCL0] 
  MUL_MAT(type_a=q4_K,type_b=f16,m=16,n=8,k=256,bs=[1536,1],nr=[1,1],per=[0,1,2,3],k_v=0,o=1): not supported [SYCL0] 
  MUL_MAT(type_a=q4_K,type_b=f32,m=1,n=64,k=256,bs=[1,1],nr=[1,1],per=[0,1,2,3],k_v=0,o=1): LX_DIAG_COUNTS tiny=0 large=0 skip=0
[1;32mOK[0m
  34/35 tests passed

Failing tests:
  MUL_MAT(type_a=q4_K,type_b=f32,m=16,n=1,k=256,bs=[1,1],nr=[1,1],per=[0,1,2,3],k_v=0,o=1)
  Backend SYCL0: [1;31mFAIL[0m
Backend 2/2: CPU
  Skipping CPU backend
1/2 backends passed
[1;31mFAIL[0m
